MPLINK 4.38, Linker
Linker Map File - Created Mon Nov 14 22:42:25 2011

                                 Section Info
                  Section       Type    Address   Location Size(Bytes)
                ---------  ---------  ---------  ---------  ---------
                   .org_0       code   0x000000    program   0x000000
                   .org_1       code   0x000000    program   0x000002
                   .org_2       code   0x000004    program   0x000062
                   .org_3       code   0x000100    program   0x000092
      .config_2007_MAIN.O       code   0x002007    program   0x000002



                              Program Memory Usage 
                               Start         End      
                           ---------   ---------      
                            0x000000    0x000000      
                            0x000004    0x000034      
                            0x000100    0x000148      
                            0x002007    0x002007      
            124 out of 2182 program addresses used, program memory utilization is 5%



                              Symbols - Sorted by Name
                     Name    Address   Location    Storage File                     
                ---------  ---------  ---------  --------- ---------                
              ContextSave   0x000004    program     static C:\Users\Nick\Desktop\pic8bit\main.asm
                     Key1   0x00000c    program     static C:\Users\Nick\Desktop\pic8bit\main.asm
                 Key1Done   0x00001b    program     static C:\Users\Nick\Desktop\pic8bit\main.asm
                 Key1High   0x000015    program     static C:\Users\Nick\Desktop\pic8bit\main.asm
                  Key1Low   0x000019    program     static C:\Users\Nick\Desktop\pic8bit\main.asm
                  Key1Set   0x000011    program     static C:\Users\Nick\Desktop\pic8bit\main.asm
                     Key2   0x00001b    program     static C:\Users\Nick\Desktop\pic8bit\main.asm
                 Key2Done   0x00002a    program     static C:\Users\Nick\Desktop\pic8bit\main.asm
                 Key2High   0x000024    program     static C:\Users\Nick\Desktop\pic8bit\main.asm
                  Key2Low   0x000028    program     static C:\Users\Nick\Desktop\pic8bit\main.asm
                  Key2Set   0x000020    program     static C:\Users\Nick\Desktop\pic8bit\main.asm
               clearNotes   0x000143    program     static C:\Users\Nick\Desktop\pic8bit\main.asm
             dispathc_int   0x00000b    program     static C:\Users\Nick\Desktop\pic8bit\main.asm
                  infLoop   0x00011a    program     static C:\Users\Nick\Desktop\pic8bit\main.asm
                int_sound   0x00000c    program     static C:\Users\Nick\Desktop\pic8bit\main.asm
            int_sound_out   0x00002a    program     static C:\Users\Nick\Desktop\pic8bit\main.asm
                  intexit   0x00002e    program     static C:\Users\Nick\Desktop\pic8bit\main.asm
                  newnote   0x00013b    program     static C:\Users\Nick\Desktop\pic8bit\main.asm
              startupcode   0x000100    program     static C:\Users\Nick\Desktop\pic8bit\main.asm
             testkeyboard   0x000114    program     static C:\Users\Nick\Desktop\pic8bit\main.asm
                 testnote   0x000128    program     static C:\Users\Nick\Desktop\pic8bit\main.asm



                              Symbols - Sorted by Address
                     Name    Address   Location    Storage File                     
                ---------  ---------  ---------  --------- ---------                
              ContextSave   0x000004    program     static C:\Users\Nick\Desktop\pic8bit\main.asm
             dispathc_int   0x00000b    program     static C:\Users\Nick\Desktop\pic8bit\main.asm
                     Key1   0x00000c    program     static C:\Users\Nick\Desktop\pic8bit\main.asm
                int_sound   0x00000c    program     static C:\Users\Nick\Desktop\pic8bit\main.asm
                  Key1Set   0x000011    program     static C:\Users\Nick\Desktop\pic8bit\main.asm
                 Key1High   0x000015    program     static C:\Users\Nick\Desktop\pic8bit\main.asm
                  Key1Low   0x000019    program     static C:\Users\Nick\Desktop\pic8bit\main.asm
                 Key1Done   0x00001b    program     static C:\Users\Nick\Desktop\pic8bit\main.asm
                     Key2   0x00001b    program     static C:\Users\Nick\Desktop\pic8bit\main.asm
                  Key2Set   0x000020    program     static C:\Users\Nick\Desktop\pic8bit\main.asm
                 Key2High   0x000024    program     static C:\Users\Nick\Desktop\pic8bit\main.asm
                  Key2Low   0x000028    program     static C:\Users\Nick\Desktop\pic8bit\main.asm
                 Key2Done   0x00002a    program     static C:\Users\Nick\Desktop\pic8bit\main.asm
            int_sound_out   0x00002a    program     static C:\Users\Nick\Desktop\pic8bit\main.asm
                  intexit   0x00002e    program     static C:\Users\Nick\Desktop\pic8bit\main.asm
              startupcode   0x000100    program     static C:\Users\Nick\Desktop\pic8bit\main.asm
             testkeyboard   0x000114    program     static C:\Users\Nick\Desktop\pic8bit\main.asm
                  infLoop   0x00011a    program     static C:\Users\Nick\Desktop\pic8bit\main.asm
                 testnote   0x000128    program     static C:\Users\Nick\Desktop\pic8bit\main.asm
                  newnote   0x00013b    program     static C:\Users\Nick\Desktop\pic8bit\main.asm
               clearNotes   0x000143    program     static C:\Users\Nick\Desktop\pic8bit\main.asm


